14:53:34.173 [main] WARN  org.testng.xml.TestNGContentHandler - It is strongly recommended to add "<!DOCTYPE suite SYSTEM "https://testng.org/testng-1.1.dtd" >" at the top of the suite file [C:\Users\chint\OneDrive\Desktop\Automation\OpencartV121\master.xml] otherwise TestNG may fail or not work as expected.
14:53:34.448 [main] INFO  org.testng.internal.Utils - [TestNG] Running:
  C:\Users\chint\OneDrive\Desktop\Automation\OpencartV121\master.xml

14:53:39.695 [main] INFO  testCases.TC001_AccountRegistrationTest - ****Finished TC001_AccountRegistrationTest****
14:53:41.959 [main] INFO  testCases.TC002_LoginTest - ****Started TC002_LoginTest****
14:53:41.961 [main] INFO  testCases.TC002_LoginTest - Clicking on MyAccount
14:53:42.065 [main] INFO  testCases.TC002_LoginTest - Clicking on Login
14:53:42.625 [main] INFO  testCases.TC002_LoginTest - Clicking on Login Button
14:53:42.691 [main] INFO  testCases.TC002_LoginTest - Checking whether Heading is displayed or not....
14:53:43.518 [main] INFO  testCases.TC002_LoginTest - **** Finished TC002_LoginTest ****
14:53:45.349 [main] INFO  testCases.TC004_SearchTest - ***** Starting Search Test *****
14:53:45.350 [main] INFO  testCases.TC004_SearchTest - Entering product name
14:53:45.467 [main] INFO  testCases.TC004_SearchTest - Clicking search button
14:53:45.765 [main] INFO  testCases.TC004_SearchTest - Validating search results
14:53:45.796 [main] INFO  testCases.TC004_SearchTest - ***** Search Test Passed *****
14:53:47.429 [main] INFO  testCases.TC005_SearchInvalidProductTest - ***** Starting Invalid Search Test *****
14:53:47.835 [main] INFO  testCases.TC005_SearchInvalidProductTest - ***** Invalid Search Test Passed *****
15:11:01.984 [main] WARN  org.testng.xml.TestNGContentHandler - It is strongly recommended to add "<!DOCTYPE suite SYSTEM "https://testng.org/testng-1.1.dtd" >" at the top of the suite file [C:\Users\chint\OneDrive\Desktop\Automation\OpencartV121\master.xml] otherwise TestNG may fail or not work as expected.
15:11:02.208 [main] INFO  org.testng.internal.Utils - [TestNG] Running:
  C:\Users\chint\OneDrive\Desktop\Automation\OpencartV121\master.xml

15:11:07.382 [main] INFO  testCases.TC001_AccountRegistrationTest - ****Finished TC001_AccountRegistrationTest****
15:11:08.900 [main] INFO  testCases.TC002_LoginTest - ****Started TC002_LoginTest****
15:11:08.900 [main] INFO  testCases.TC002_LoginTest - Clicking on MyAccount
15:11:09.438 [main] INFO  testCases.TC002_LoginTest - Clicking on Login
15:11:09.960 [main] INFO  testCases.TC002_LoginTest - Clicking on Login Button
15:11:11.109 [main] INFO  testCases.TC002_LoginTest - Checking whether Heading is displayed or not....
15:11:11.160 [main] INFO  testCases.TC002_LoginTest - **** Finished TC002_LoginTest ****
15:11:12.598 [main] INFO  testCases.TC004_SearchTest - ***** Starting Search Test *****
15:11:12.601 [main] INFO  testCases.TC004_SearchTest - Entering product name
15:11:13.037 [main] INFO  testCases.TC004_SearchTest - Clicking search button
15:11:13.371 [main] INFO  testCases.TC004_SearchTest - Validating search results
15:11:13.401 [main] INFO  testCases.TC004_SearchTest - ***** Search Test Passed *****
15:11:14.924 [main] INFO  testCases.TC005_SearchInvalidProductTest - ***** Starting Invalid Search Test *****
15:11:15.613 [main] INFO  testCases.TC005_SearchInvalidProductTest - ***** Invalid Search Test Passed *****
15:11:17.497 [main] INFO  testCases.TC006_AddToCartTest - ***** Starting Add To Cart Test *****
15:11:17.497 [main] INFO  testCases.TC006_AddToCartTest - Searching for product
15:11:17.925 [main] INFO  testCases.TC006_AddToCartTest - Validating product availability
15:11:17.977 [main] INFO  testCases.TC006_AddToCartTest - Opening product page
15:11:18.408 [main] INFO  testCases.TC006_AddToCartTest - Adding product to cart
15:11:18.480 [main] INFO  testCases.TC006_AddToCartTest - Validating success message
15:11:18.697 [main] INFO  testCases.TC006_AddToCartTest - ***** Add To Cart Test Passed *****
16:45:55.325 [main] WARN  org.testng.xml.TestNGContentHandler - It is strongly recommended to add "<!DOCTYPE suite SYSTEM "https://testng.org/testng-1.1.dtd" >" at the top of the suite file [C:\Users\chint\OneDrive\Desktop\Automation\OpencartV121\master.xml] otherwise TestNG may fail or not work as expected.
16:45:55.567 [main] INFO  org.testng.internal.Utils - [TestNG] Running:
  C:\Users\chint\OneDrive\Desktop\Automation\OpencartV121\master.xml

16:46:01.061 [main] INFO  testCases.TC001_AccountRegistrationTest - ****Finished TC001_AccountRegistrationTest****
16:46:02.494 [main] INFO  testCases.TC002_LoginTest - ****Started TC002_LoginTest****
16:46:02.495 [main] INFO  testCases.TC002_LoginTest - Clicking on MyAccount
16:46:02.952 [main] INFO  testCases.TC002_LoginTest - Clicking on Login
16:46:03.612 [main] INFO  testCases.TC002_LoginTest - Clicking on Login Button
16:46:03.673 [main] INFO  testCases.TC002_LoginTest - Checking whether Heading is displayed or not....
16:46:05.188 [main] INFO  testCases.TC002_LoginTest - **** Finished TC002_LoginTest ****
16:46:06.684 [main] INFO  testCases.TC004_SearchTest - ***** Starting Search Test *****
16:46:06.687 [main] INFO  testCases.TC004_SearchTest - Entering product name
16:46:07.292 [main] INFO  testCases.TC004_SearchTest - Clicking search button
16:46:07.687 [main] INFO  testCases.TC004_SearchTest - Validating search results
16:46:07.715 [main] INFO  testCases.TC004_SearchTest - ***** Search Test Passed *****
16:46:10.351 [main] INFO  testCases.TC005_SearchInvalidProductTest - ***** Starting Invalid Search Test *****
16:46:10.830 [main] INFO  testCases.TC005_SearchInvalidProductTest - ***** Invalid Search Test Passed *****
16:46:12.940 [main] INFO  testCases.TC006_AddToCartTest - ***** Starting Add To Cart Test *****
16:46:12.941 [main] INFO  testCases.TC006_AddToCartTest - Searching for product
16:46:13.394 [main] INFO  testCases.TC006_AddToCartTest - Validating product availability
16:46:13.420 [main] INFO  testCases.TC006_AddToCartTest - Opening product page
16:46:13.926 [main] INFO  testCases.TC006_AddToCartTest - Adding product to cart
16:46:14.031 [main] INFO  testCases.TC006_AddToCartTest - Validating success message
16:46:14.230 [main] INFO  testCases.TC006_AddToCartTest - ***** Add To Cart Test Passed *****
16:46:16.215 [main] INFO  testCases.TC007_RemoveFromCartTest - ***** Starting Remove From Cart Test *****
16:46:17.236 [main] INFO  testCases.TC007_RemoveFromCartTest - Opening Shopping Cart
16:46:17.520 [main] INFO  testCases.TC007_RemoveFromCartTest - Removing Product
16:46:17.627 [main] INFO  testCases.TC007_RemoveFromCartTest - Validating Empty Cart Message
16:50:45.697 [main] WARN  org.testng.xml.TestNGContentHandler - It is strongly recommended to add "<!DOCTYPE suite SYSTEM "https://testng.org/testng-1.1.dtd" >" at the top of the suite file [C:\Users\chint\OneDrive\Desktop\Automation\OpencartV121\master.xml] otherwise TestNG may fail or not work as expected.
16:50:45.989 [main] INFO  org.testng.internal.Utils - [TestNG] Running:
  C:\Users\chint\OneDrive\Desktop\Automation\OpencartV121\master.xml

16:50:50.763 [main] INFO  testCases.TC001_AccountRegistrationTest - ****Finished TC001_AccountRegistrationTest****
16:50:52.619 [main] INFO  testCases.TC002_LoginTest - ****Started TC002_LoginTest****
16:50:52.620 [main] INFO  testCases.TC002_LoginTest - Clicking on MyAccount
16:50:52.720 [main] INFO  testCases.TC002_LoginTest - Clicking on Login
16:50:53.348 [main] INFO  testCases.TC002_LoginTest - Clicking on Login Button
16:50:53.423 [main] INFO  testCases.TC002_LoginTest - Checking whether Heading is displayed or not....
16:50:54.443 [main] INFO  testCases.TC002_LoginTest - **** Finished TC002_LoginTest ****
16:50:56.106 [main] INFO  testCases.TC004_SearchTest - ***** Starting Search Test *****
16:50:56.107 [main] INFO  testCases.TC004_SearchTest - Entering product name
16:50:56.274 [main] INFO  testCases.TC004_SearchTest - Clicking search button
16:50:56.724 [main] INFO  testCases.TC004_SearchTest - Validating search results
16:50:56.751 [main] INFO  testCases.TC004_SearchTest - ***** Search Test Passed *****
16:50:58.367 [main] INFO  testCases.TC005_SearchInvalidProductTest - ***** Starting Invalid Search Test *****
16:50:58.766 [main] INFO  testCases.TC005_SearchInvalidProductTest - ***** Invalid Search Test Passed *****
16:51:00.544 [main] INFO  testCases.TC006_AddToCartTest - ***** Starting Add To Cart Test *****
16:51:00.545 [main] INFO  testCases.TC006_AddToCartTest - Searching for product
16:51:00.953 [main] INFO  testCases.TC006_AddToCartTest - Validating product availability
16:51:00.984 [main] INFO  testCases.TC006_AddToCartTest - Opening product page
16:51:01.547 [main] INFO  testCases.TC006_AddToCartTest - Adding product to cart
16:51:01.620 [main] INFO  testCases.TC006_AddToCartTest - Validating success message
16:51:02.336 [main] INFO  testCases.TC006_AddToCartTest - ***** Add To Cart Test Passed *****
16:51:04.242 [main] INFO  testCases.TC007_RemoveFromCartTest - ***** Starting Remove From Cart Test *****
16:51:05.501 [main] INFO  testCases.TC007_RemoveFromCartTest - Opening Shopping Cart
16:51:06.306 [main] INFO  testCases.TC007_RemoveFromCartTest - Removing Product
16:51:06.388 [main] INFO  testCases.TC007_RemoveFromCartTest - Validating Empty Cart Message
16:51:06.975 [main] INFO  testCases.TC007_RemoveFromCartTest - ***** Remove From Cart Test Passed *****
17:12:22.205 [main] WARN  org.testng.xml.TestNGContentHandler - It is strongly recommended to add "<!DOCTYPE suite SYSTEM "https://testng.org/testng-1.1.dtd" >" at the top of the suite file [C:\Users\chint\OneDrive\Desktop\Automation\OpencartV121\master.xml] otherwise TestNG may fail or not work as expected.
17:12:22.536 [main] INFO  org.testng.internal.Utils - [TestNG] Running:
  C:\Users\chint\OneDrive\Desktop\Automation\OpencartV121\master.xml

17:12:28.060 [main] INFO  testCases.TC001_AccountRegistrationTest - ****Finished TC001_AccountRegistrationTest****
17:12:30.018 [main] INFO  testCases.TC002_LoginTest - ****Started TC002_LoginTest****
17:12:30.020 [main] INFO  testCases.TC002_LoginTest - Clicking on MyAccount
17:12:30.123 [main] INFO  testCases.TC002_LoginTest - Clicking on Login
17:12:30.688 [main] INFO  testCases.TC002_LoginTest - Clicking on Login Button
17:12:30.742 [main] INFO  testCases.TC002_LoginTest - Checking whether Heading is displayed or not....
17:12:31.830 [main] INFO  testCases.TC002_LoginTest - **** Finished TC002_LoginTest ****
17:12:33.551 [main] INFO  testCases.TC004_SearchTest - ***** Starting Search Test *****
17:12:33.554 [main] INFO  testCases.TC004_SearchTest - Entering product name
17:12:33.683 [main] INFO  testCases.TC004_SearchTest - Clicking search button
17:12:34.001 [main] INFO  testCases.TC004_SearchTest - Validating search results
17:12:34.035 [main] INFO  testCases.TC004_SearchTest - ***** Search Test Passed *****
17:12:35.834 [main] INFO  testCases.TC005_SearchInvalidProductTest - ***** Starting Invalid Search Test *****
17:12:36.234 [main] INFO  testCases.TC005_SearchInvalidProductTest - ***** Invalid Search Test Passed *****
17:12:38.120 [main] INFO  testCases.TC006_AddToCartTest - ***** Starting Add To Cart Test *****
17:12:38.121 [main] INFO  testCases.TC006_AddToCartTest - Searching for product
17:12:38.751 [main] INFO  testCases.TC006_AddToCartTest - Validating product availability
17:12:38.802 [main] INFO  testCases.TC006_AddToCartTest - Opening product page
17:12:39.259 [main] INFO  testCases.TC006_AddToCartTest - Adding product to cart
17:12:39.371 [main] INFO  testCases.TC006_AddToCartTest - Validating success message
17:12:39.697 [main] INFO  testCases.TC006_AddToCartTest - ***** Add To Cart Test Passed *****
17:12:41.580 [main] INFO  testCases.TC007_RemoveFromCartTest - ***** Starting Remove From Cart Test *****
17:12:42.531 [main] INFO  testCases.TC007_RemoveFromCartTest - Opening Shopping Cart
17:12:43.558 [main] INFO  testCases.TC007_RemoveFromCartTest - Removing Product
17:12:43.649 [main] INFO  testCases.TC007_RemoveFromCartTest - Validating Empty Cart Message
17:12:44.256 [main] INFO  testCases.TC007_RemoveFromCartTest - ***** Remove From Cart Test Passed *****
17:17:18.200 [main] WARN  org.testng.xml.TestNGContentHandler - It is strongly recommended to add "<!DOCTYPE suite SYSTEM "https://testng.org/testng-1.1.dtd" >" at the top of the suite file [C:\Users\chint\OneDrive\Desktop\Automation\OpencartV121\master.xml] otherwise TestNG may fail or not work as expected.
17:17:18.478 [main] INFO  org.testng.internal.Utils - [TestNG] Running:
  C:\Users\chint\OneDrive\Desktop\Automation\OpencartV121\master.xml

17:17:23.352 [main] INFO  testCases.TC001_AccountRegistrationTest - ****Finished TC001_AccountRegistrationTest****
17:17:25.269 [main] INFO  testCases.TC002_LoginTest - ****Started TC002_LoginTest****
17:17:25.274 [main] INFO  testCases.TC002_LoginTest - Clicking on MyAccount
17:17:25.390 [main] INFO  testCases.TC002_LoginTest - Clicking on Login
17:17:25.938 [main] INFO  testCases.TC002_LoginTest - Clicking on Login Button
17:17:26.014 [main] INFO  testCases.TC002_LoginTest - Checking whether Heading is displayed or not....
17:17:26.969 [main] INFO  testCases.TC002_LoginTest - **** Finished TC002_LoginTest ****
17:17:28.757 [main] INFO  testCases.TC004_SearchTest - ***** Starting Search Test *****
17:17:28.759 [main] INFO  testCases.TC004_SearchTest - Entering product name
17:17:28.896 [main] INFO  testCases.TC004_SearchTest - Clicking search button
17:17:29.171 [main] INFO  testCases.TC004_SearchTest - Validating search results
17:17:29.218 [main] INFO  testCases.TC004_SearchTest - ***** Search Test Passed *****
17:17:30.627 [main] INFO  testCases.TC005_SearchInvalidProductTest - ***** Starting Invalid Search Test *****
17:17:31.383 [main] INFO  testCases.TC005_SearchInvalidProductTest - ***** Invalid Search Test Passed *****
17:17:32.799 [main] INFO  testCases.TC006_AddToCartTest - ***** Starting Add To Cart Test *****
17:17:32.800 [main] INFO  testCases.TC006_AddToCartTest - Searching for product
17:17:33.573 [main] INFO  testCases.TC006_AddToCartTest - Validating product availability
17:17:33.608 [main] INFO  testCases.TC006_AddToCartTest - Opening product page
17:17:33.945 [main] INFO  testCases.TC006_AddToCartTest - Adding product to cart
17:17:33.999 [main] INFO  testCases.TC006_AddToCartTest - Validating success message
17:17:34.192 [main] INFO  testCases.TC006_AddToCartTest - ***** Add To Cart Test Passed *****
17:17:35.939 [main] INFO  testCases.TC007_RemoveFromCartTest - ***** Starting Remove From Cart Test *****
17:17:36.835 [main] INFO  testCases.TC007_RemoveFromCartTest - Opening Shopping Cart
17:17:37.096 [main] INFO  testCases.TC007_RemoveFromCartTest - Removing Product
17:17:37.184 [main] INFO  testCases.TC007_RemoveFromCartTest - Validating Empty Cart Message
17:17:37.510 [main] INFO  testCases.TC007_RemoveFromCartTest - ***** Remove From Cart Test Passed *****
17:32:42.529 [main] WARN  org.testng.xml.TestNGContentHandler - It is strongly recommended to add "<!DOCTYPE suite SYSTEM "https://testng.org/testng-1.1.dtd" >" at the top of the suite file [C:\Users\chint\OneDrive\Desktop\Automation\OpencartV121\master.xml] otherwise TestNG may fail or not work as expected.
17:32:42.881 [main] INFO  org.testng.internal.Utils - [TestNG] Running:
  C:\Users\chint\OneDrive\Desktop\Automation\OpencartV121\master.xml

17:32:48.025 [main] INFO  testCases.TC001_AccountRegistrationTest - ****Finished TC001_AccountRegistrationTest****
17:32:50.145 [main] INFO  testCases.TC002_LoginTest - ****Started TC002_LoginTest****
17:32:50.146 [main] INFO  testCases.TC002_LoginTest - Clicking on MyAccount
17:32:50.275 [main] INFO  testCases.TC002_LoginTest - Clicking on Login
17:32:51.000 [main] INFO  testCases.TC002_LoginTest - Clicking on Login Button
17:32:51.080 [main] INFO  testCases.TC002_LoginTest - Checking whether Heading is displayed or not....
17:32:52.144 [main] INFO  testCases.TC002_LoginTest - **** Finished TC002_LoginTest ****
17:32:53.932 [main] INFO  testCases.TC004_SearchTest - ***** Starting Search Test *****
17:32:53.935 [main] INFO  testCases.TC004_SearchTest - Entering product name
17:32:54.083 [main] INFO  testCases.TC004_SearchTest - Clicking search button
17:32:54.417 [main] INFO  testCases.TC004_SearchTest - Validating search results
17:32:54.451 [main] INFO  testCases.TC004_SearchTest - ***** Search Test Passed *****
17:32:56.374 [main] INFO  testCases.TC005_SearchInvalidProductTest - ***** Starting Invalid Search Test *****
17:32:56.790 [main] INFO  testCases.TC005_SearchInvalidProductTest - ***** Invalid Search Test Passed *****
17:32:58.647 [main] INFO  testCases.TC006_AddToCartTest - ***** Starting Add To Cart Test *****
17:32:58.647 [main] INFO  testCases.TC006_AddToCartTest - Searching for product
17:32:59.052 [main] INFO  testCases.TC006_AddToCartTest - Validating product availability
17:32:59.079 [main] INFO  testCases.TC006_AddToCartTest - Opening product page
17:32:59.473 [main] INFO  testCases.TC006_AddToCartTest - Adding product to cart
17:32:59.545 [main] INFO  testCases.TC006_AddToCartTest - Validating success message
17:32:59.721 [main] INFO  testCases.TC006_AddToCartTest - ***** Add To Cart Test Passed *****
17:33:01.481 [main] INFO  testCases.TC007_RemoveFromCartTest - ***** Starting Remove From Cart Test *****
17:33:03.261 [main] INFO  testCases.TC007_RemoveFromCartTest - Opening Shopping Cart
17:33:03.882 [main] INFO  testCases.TC007_RemoveFromCartTest - Removing Product
17:33:03.994 [main] INFO  testCases.TC007_RemoveFromCartTest - Validating Empty Cart Message
17:33:04.391 [main] INFO  testCases.TC007_RemoveFromCartTest - ***** Remove From Cart Test Passed *****
17:38:00.977 [main] WARN  org.testng.xml.TestNGContentHandler - It is strongly recommended to add "<!DOCTYPE suite SYSTEM "https://testng.org/testng-1.1.dtd" >" at the top of the suite file [C:\Users\chint\OneDrive\Desktop\Automation\OpencartV121\master.xml] otherwise TestNG may fail or not work as expected.
17:38:01.219 [main] INFO  org.testng.internal.Utils - [TestNG] Running:
  C:\Users\chint\OneDrive\Desktop\Automation\OpencartV121\master.xml

17:38:06.742 [main] INFO  testCases.TC001_AccountRegistrationTest - ****Finished TC001_AccountRegistrationTest****
17:38:08.815 [main] INFO  testCases.TC002_LoginTest - ****Started TC002_LoginTest****
17:38:08.816 [main] INFO  testCases.TC002_LoginTest - Clicking on MyAccount
17:38:08.932 [main] INFO  testCases.TC002_LoginTest - Clicking on Login
17:38:09.470 [main] INFO  testCases.TC002_LoginTest - Clicking on Login Button
17:38:11.405 [main] INFO  testCases.TC002_LoginTest - Checking whether Heading is displayed or not....
17:38:11.449 [main] INFO  testCases.TC002_LoginTest - **** Finished TC002_LoginTest ****
17:38:13.287 [main] INFO  testCases.TC004_SearchTest - ***** Starting Search Test *****
17:38:13.289 [main] INFO  testCases.TC004_SearchTest - Entering product name
17:38:13.416 [main] INFO  testCases.TC004_SearchTest - Clicking search button
17:38:13.725 [main] INFO  testCases.TC004_SearchTest - Validating search results
17:38:13.801 [main] INFO  testCases.TC004_SearchTest - ***** Search Test Passed *****
17:38:15.622 [main] INFO  testCases.TC005_SearchInvalidProductTest - ***** Starting Invalid Search Test *****
17:38:16.031 [main] INFO  testCases.TC005_SearchInvalidProductTest - ***** Invalid Search Test Passed *****
17:38:17.843 [main] INFO  testCases.TC006_AddToCartTest - ***** Starting Add To Cart Test *****
17:38:17.844 [main] INFO  testCases.TC006_AddToCartTest - Searching for product
17:38:18.288 [main] INFO  testCases.TC006_AddToCartTest - Validating product availability
17:38:18.332 [main] INFO  testCases.TC006_AddToCartTest - Opening product page
17:38:18.684 [main] INFO  testCases.TC006_AddToCartTest - Adding product to cart
17:38:18.757 [main] INFO  testCases.TC006_AddToCartTest - Validating success message
17:38:18.935 [main] INFO  testCases.TC006_AddToCartTest - ***** Add To Cart Test Passed *****
17:38:20.824 [main] INFO  testCases.TC007_RemoveFromCartTest - ***** Starting Remove From Cart Test *****
17:38:21.727 [main] INFO  testCases.TC007_RemoveFromCartTest - Opening Shopping Cart
17:38:22.073 [main] INFO  testCases.TC007_RemoveFromCartTest - Removing Product
17:38:22.172 [main] INFO  testCases.TC007_RemoveFromCartTest - Validating Empty Cart Message
17:38:22.489 [main] INFO  testCases.TC007_RemoveFromCartTest - ***** Remove From Cart Test Passed *****
17:44:04.851 [main] WARN  org.testng.xml.TestNGContentHandler - It is strongly recommended to add "<!DOCTYPE suite SYSTEM "https://testng.org/testng-1.1.dtd" >" at the top of the suite file [C:\Users\chint\OneDrive\Desktop\Automation\OpencartV121\master.xml] otherwise TestNG may fail or not work as expected.
17:44:05.555 [main] INFO  org.testng.internal.Utils - [TestNG] Running:
  C:\Users\chint\OneDrive\Desktop\Automation\OpencartV121\master.xml

17:44:15.179 [main] INFO  testCases.TC001_AccountRegistrationTest - ****Finished TC001_AccountRegistrationTest****
17:44:18.574 [main] INFO  testCases.TC002_LoginTest - ****Started TC002_LoginTest****
17:44:18.592 [main] INFO  testCases.TC002_LoginTest - Clicking on MyAccount
17:44:18.852 [main] INFO  testCases.TC002_LoginTest - Clicking on Login
17:44:20.177 [main] INFO  testCases.TC002_LoginTest - Clicking on Login Button
17:44:20.371 [main] INFO  testCases.TC002_LoginTest - Checking whether Heading is displayed or not....
17:44:21.415 [main] INFO  testCases.TC002_LoginTest - **** Finished TC002_LoginTest ****
17:44:24.558 [main] INFO  testCases.TC004_SearchTest - ***** Starting Search Test *****
17:44:24.574 [main] INFO  testCases.TC004_SearchTest - Entering product name
17:44:24.861 [main] INFO  testCases.TC004_SearchTest - Clicking search button
17:44:25.319 [main] INFO  testCases.TC004_SearchTest - Validating search results
17:44:25.401 [main] INFO  testCases.TC004_SearchTest - ***** Search Test Passed *****
17:44:28.927 [main] INFO  testCases.TC005_SearchInvalidProductTest - ***** Starting Invalid Search Test *****
17:44:29.665 [main] INFO  testCases.TC005_SearchInvalidProductTest - ***** Invalid Search Test Passed *****
17:44:32.627 [main] INFO  testCases.TC006_AddToCartTest - ***** Starting Add To Cart Test *****
17:44:32.647 [main] INFO  testCases.TC006_AddToCartTest - Searching for product
17:44:33.363 [main] INFO  testCases.TC006_AddToCartTest - Validating product availability
17:44:33.434 [main] INFO  testCases.TC006_AddToCartTest - Opening product page
17:44:34.052 [main] INFO  testCases.TC006_AddToCartTest - Adding product to cart
17:44:34.255 [main] INFO  testCases.TC006_AddToCartTest - Validating success message
17:44:34.518 [main] INFO  testCases.TC006_AddToCartTest - ***** Add To Cart Test Passed *****
17:44:37.555 [main] INFO  testCases.TC007_RemoveFromCartTest - ***** Starting Remove From Cart Test *****
17:44:39.283 [main] INFO  testCases.TC007_RemoveFromCartTest - Opening Shopping Cart
17:44:39.890 [main] INFO  testCases.TC007_RemoveFromCartTest - Removing Product
17:44:40.062 [main] INFO  testCases.TC007_RemoveFromCartTest - Validating Empty Cart Message
17:44:40.469 [main] INFO  testCases.TC007_RemoveFromCartTest - ***** Remove From Cart Test Passed *****
